logic__855: 
reg__94: 
case__117: 
logic__72: 
reg__88: 
case__160: 
counter__8: 
ila_v6_2_7_ila_trace_memory__parameterized0: 
blk_mem_gen_v8_3_6_blk_mem_gen_prim_width__parameterized5: 
case__11: 
reg__385: 
reg__267: 
logic__54: 
logic__253: 
blk_mem_gen_v8_3_6_blk_mem_gen_prim_wrapper__parameterized1: 
reg__126: 
reg__541: 
logic__347: 
logic__807: 
reg__237: 
ltlib_v1_0_0_cfglut4: 
reg__136: 
reg__206: 
xsdbs_v1_0_2_reg__parameterized67: 
case__58: 
reg__534: 
reg__421: 
logic__287: 
case__217: 
counter__16: 
fifo_generator_v13_2_2_memory: 
keep__72: 
datapath__16: 
xsdbs_v1_0_2_reg__parameterized50: 
keep__220: 
reg__28: 
reg__313: 
keep__26: 
logic__23: 
logic__866: 
reg__413: 
reg__392: 
logic__1012: 
keep__241: 
keep__86: 
reg__289: 
logic__840: 
keep__35: 
xsdbs_v1_0_2_reg__parameterized26: 
case__211: 
logic__1022: 
counter__19: 
reg__409: 
logic__878: 
reg__547: 
keep__90: 
muxpart__27: 
logic__70: 
ltlib_v1_0_0_generic_mux: 
reg__273: 
reg__133: 
keep__1: 
reg__304: 
reg__217: 
logic__199: 
keep__126: 
reg__506: 
reg__200: 
reg__158: 
datapath__31: 
reg__388: 
xsdbs_v1_0_2_reg_p2s__parameterized13: 
logic__294: 
case__71: 
keep__268: 
reg__299: 
keep__240: 
case__42: 
reg__92: 
ltlib_v1_0_0_match__parameterized0: 
reg__310: 
keep__102: 
reg__445: 
logic__617: 
keep__112: 
reg__171: 
case__161: 
reg__447: 
case__21: 
case__26: 
keep__249: 
ltlib_v1_0_0_all_typeA: 
keep: 
logic__841: 
case__170: 
keep__231: 
reg__410: 
logic__846: 
reg__140: 
case__131: 
reg__14: 
keep__201: 
logic__1017: 
case__197: 
xsdbs_v1_0_2_reg__parameterized11: 
logic__702: 
blk_mem_gen_v8_3_6_blk_mem_gen_prim_wrapper__parameterized2: 
logic__19: 
logic__881: 
case__105: 
case__110: 
logic__753: 
reg__17: 
counter__2: 
logic__500: 
case__207: 
reg__170: 
keep__182: 
muxpart__46: 
case__166: 
logic__313: 
reg__481: 
case__84: 
logic__1029: 
logic__142: 
keep__215: 
logic__228: 
keep__275: 
reg__154: 
keep__95: 
fifo_generator_v13_2_2_rd_logic: 
logic__778: 
case__90: 
xsdbs_v1_0_2_reg__parameterized27: 
reg__84: 
keep__180: 
xsdbs_v1_0_2_reg_p2s__parameterized0: 
reg__527: 
logic__550: 
reg__30: 
fifo_generator_v13_2_2_wr_dc_as: 
fifo_generator_v13_2_2_wr_status_flags_as: 
fifo_generator_v13_2_2_input_blk: 
reg__337: 
datapath__15: 
case__13: 
reg__229: 
reg__8: 
case__33: 
ltlib_v1_0_0_all_typeA__parameterized1: 
keep__208: 
blk_mem_gen_v8_3_6_blk_mem_gen_generic_cstr: 
logic__99: 
xsdbs_v1_0_2_reg__parameterized16: 
xsdbs_v1_0_2_reg__parameterized1: 
reg__128: 
logic__128: 
reg__114: 
case__183: 
ltlib_v1_0_0_match_nodelay__parameterized0: 
case__182: 
datapath__11: 
ltlib_v1_0_0_rising_edge_detection: 
datapath__5: 
reg__505: 
logic__801: 
reg__466: 
reg__427: 
case__70: 
logic__870: 
reg__264: 
keep__149: 
xsdbs_v1_0_2_reg_p2s__parameterized12: 
reg__475: 
reg__54: 
logic__506: 
reg__22: 
reg__536: 
logic__605: 
keep__10: 
reg__12: 
logic__763: 
reg__174: 
keep__83: 
logic__348: 
logic__885: 
blk_mem_gen_v8_4_1_blk_mem_gen_prim_width__parameterized8: 
logic__868: 
reg__379: 
case__98: 
keep__229: 
datapath__19: 
reg__281: 
blk_mem_gen_v8_3_6_blk_mem_gen_prim_wrapper__parameterized5: 
keep__55: 
xsdbs_v1_0_2_reg__parameterized43: 
blk_mem_gen_v8_4_1_blk_mem_gen_prim_wrapper__parameterized4: 
logic__879: 
logic__544: 
logic__555: 
keep__106: 
reg__501: 
reg__301: 
logic__47: 
logic__105: 
keep__109: 
keep__120: 
case__173: 
logic__705: 
muxpart__22: 
case__119: 
case__204: 
xsdbs_v1_0_2_reg__parameterized20: 
xsdbs_v1_0_2_reg__parameterized3: 
logic__14: 
reg__275: 
keep__79: 
case__143: 
reg__213: 
reg__202: 
keep__155: 
logic__1007: 
reg__356: 
case__92: 
logic__697: 
logic__823: 
blk_mem_gen_v8_3_6_blk_mem_gen_top__parameterized0: 
reg__241: 
reg__363: 
reg__407: 
reg__4: 
reg__543: 
keep__156: 
logic__493: 
logic__545: 
keep__145: 
reg__349: 
reg__420: 
logic__38: 
keep__74: 
reg__400: 
logic__902: 
reg__483: 
reg__354: 
reg__457: 
logic__231: 
case__115: 
counter__27: 
reg__120: 
reg__352: 
blk_mem_gen_v8_3_6__parameterized0: 
keep__167: 
counter__4: 
blk_mem_gen_v8_3_6_blk_mem_output_block: 
logic__372: 
reg__203: 
reg__394: 
keep__246: 
reg__134: 
reg__442: 
reg__131: 
reg__402: 
reg__96: 
reg__271: 
logic__502: 
logic__792: 
case__102: 
keep__143: 
logic__797: 
keep__118: 
xsdbs_v1_0_2_reg_p2s__parameterized1: 
fifo_generator_v13_2_2_output_blk: 
logic__727: 
keep__213: 
logic__325: 
case__76: 
reg__240: 
logic__1006: 
blk_mem_gen_v8_3_6_blk_mem_gen_prim_width__parameterized3: 
logic__919: 
logic__459: 
case__54: 
reg__474: 
keep__96: 
muxpart__11: 
case__184: 
keep__258: 
reg__532: 
reg__165: 
reg__233: 
reg__439: 
keep__49: 
logic__241: 
reg__265: 
case__164: 
case__2: 
keep__32: 
ltlib_v1_0_0_all_typeA_slice__parameterized0: 
logic__910: 
reg__221: 
counter__9: 
reg__23: 
fifo_generator_v13_2_2_fifo_generator_top: 
reg__339: 
keep__138: 
keep__254: 
datapath__9: 
reg__193: 
reg__250: 
keep__92: 
reg__360: 
datapath__34: 
logic__59: 
keep__2: 
case__50: 
ila_v6_2_7_ila_cap_ctrl_legacy__parameterized0: 
reg__129: 
logic__376: 
xsdbs_v1_0_2_reg_stat: 
logic__48: 
reg__308: 
keep__131: 
xsdbs_v1_0_2_reg__parameterized25: 
logic__365: 
logic__91: 
keep__76: 
keep__179: 
case__194: 
logic__88: 
xpm_cdc_single: 
logic__242: 
case__147: 
case__132: 
keep__205: 
reg__80: 
reg__448: 
case__99: 
case__14: 
reg__153: 
logic__611: 
case__29: 
logic__77: 
logic__102: 
reg__111: 
case__187: 
muxpart__20: 
case__192: 
reg__336: 
counter__28: 
logic__813: 
reg__98: 
reg__459: 
xsdbs_v1_0_2_reg__parameterized30: 
reg__346: 
reg__38: 
reg__460: 
case__111: 
ltlib_v1_0_0_match__parameterized2: 
muxpart__14: 
reg__220: 
logic__723: 
muxpart__30: 
keep__184: 
blk_mem_gen_v8_3_6_blk_mem_gen_prim_width: 
case__16: 
case__44: 
reg__414: 
ila_v6_2_7_ila: 
blk_mem_gen_v8_3_6_blk_mem_gen_top: 
reg__513: 
reg__522: 
xpm_cdc_gray: 
logic__825: 
xsdbs_v1_0_2_reg__parameterized32: 
reg__500: 
reg__123: 
counter: 
reg__26: 
logic__25: 
reg__47: 
blk_mem_gen_v8_4_1_blk_mem_gen_prim_wrapper__parameterized6: 
case__37: 
reg__39: 
logic__848: 
case__146: 
case__162: 
case__129: 
reg__65: 
logic__670: 
blk_mem_gen_v8_3_6_blk_mem_gen_prim_wrapper__parameterized0: 
keep__70: 
logic__752: 
reg__106: 
logic__155: 
reg__455: 
reg__452: 
logic__708: 
case__112: 
logic__574: 
keep__97: 
reg__149: 
keep__166: 
logic__528: 
reg__546: 
logic__923: 
ltlib_v1_0_0_allx_typeA_nodelay__parameterized0: 
reg__285: 
case__43: 
logic__1001: 
keep__123: 
logic__281: 
ila_v6_2_7_ila_trig_match: 
logic__522: 
logic__959: 
logic__768: 
keep__271: 
case__72: 
xsdbs_v1_0_2_reg__parameterized39: 
logic__721: 
reg__433: 
logic__808: 
case__73: 
ila_v6_2_7_ila_cap_window_counter: 
reg__27: 
keep__75: 
reg__398: 
xsdbs_v1_0_2_reg__parameterized40: 
ila_v6_2_7_ila_core__parameterized0: 
keep__200: 
muxpart__18: 
logic__924: 
logic__863: 
reg__497: 
logic__322: 
logic__34: 
keep__5: 
fifo_generator_v13_2_2_rd_handshaking_flags: 
reg__1: 
logic__759: 
reg__480: 
logic__515: 
case__57: 
logic__720: 
keep__212: 
logic__255: 
reg__214: 
keep__194: 
case__158: 
reg__246: 
logic__815: 
logic__213: 
xsdbs_v1_0_2_reg__parameterized63: 
keep__176: 
logic__1013: 
reg__456: 
reg__373: 
logic__728: 
blk_mem_gen_v8_4_1_blk_mem_gen_prim_width__parameterized0: 
logic__20: 
counter__10: 
logic__851: 
logic__803: 
case__203: 
logic__21: 
reg__283: 
case__108: 
logic__560: 
xsdbs_v1_0_2_reg__parameterized38: 
case__209: 
blk_mem_gen_v8_4_1_blk_mem_gen_prim_wrapper__parameterized0: 
keep__17: 
reg__404: 
logic__511: 
keep__6: 
keep__261: 
muxpart__43: 
muxpart__23: 
reg__405: 
reg__64: 
logic__477: 
reg__189: 
xsdbs_v1_0_2_reg__parameterized41: 
keep__141: 
reg__453: 
keep__68: 
reg__366: 
reg__327: 
reg__49: 
keep__121: 
keep__232: 
logic__812: 
logic__113: 
reg__507: 
keep__77: 
reg__113: 
reg__243: 
logic__529: 
reg__274: 
reg__97: 
keep__266: 
logic__290: 
reg__306: 
logic__184: 
reg__29: 
logic__387: 
datapath__2: 
logic__1002: 
keep__160: 
reg__418: 
logic__587: 
keep__255: 
xsdbs_v1_0_2_reg__parameterized33: 
blk_mem_gen_v8_4_1_synth: 
case__181: 
logic__769: 
keep__161: 
logic__891: 
xsdbs_v1_0_2_reg_p2s__parameterized7: 
DMA_Write_v1_0_M00_AXI: 
logic__984: 
reg__268: 
logic__826: 
case__127: 
reg__493: 
case__122: 
logic__454: 
reg__467: 
datapath__32: 
logic__802: 
xsdbs_v1_0_2_reg__parameterized48: 
reg__323: 
ltlib_v1_0_0_allx_typeA__parameterized0: 
logic__884: 
reg__403: 
reg__163: 
reg__478: 
keep__52: 
logic__756: 
reg__314: 
reg__288: 
keep__136: 
reg__521: 
reg__446: 
xsdbs_v1_0_2_reg_ctl__parameterized1: 
reg__190: 
case: 
reg__462: 
case__27: 
logic__4: 
logic__267: 
logic__537: 
keep__104: 
keep__54: 
xsdbs_v1_0_2_reg_p2s__parameterized14: 
reg__503: 
logic__494: 
reg__296: 
reg__81: 
blk_mem_gen_v8_4_1_blk_mem_gen_prim_wrapper__parameterized2: 
reg__504: 
case__75: 
keep__71: 
case__152: 
keep__42: 
keep__73: 
reg__494: 
keep__129: 
fifo_generator_v13_2_2_compare: 
blk_mem_gen_v8_4_1_blk_mem_gen_top: 
logic__200: 
case__53: 
logic__722: 
reg__37: 
xsdbs_v1_0_2_reg__parameterized42: 
reg__528: 
ltlib_v1_0_0_cfglut6__parameterized0: 
logic__43: 
reg__178: 
case__123: 
case__212: 
reg__487: 
keep__115: 
reg__359: 
logic__608: 
case__199: 
logic__771: 
reg__185: 
ila_v6_2_7_ila_cap_addrgen: 
case__7: 
counter__25: 
case__24: 
reg__33: 
reg__32: 
case__135: 
case__201: 
xsdbs_v1_0_2_reg__parameterized17: 
logic__226: 
keep__140: 
logic__1000: 
keep__253: 
logic__297: 
ltlib_v1_0_0_allx_typeA__parameterized1: 
xsdbs_v1_0_2_reg_stream__parameterized0: 
keep__20: 
muxpart__6: 
keep__177: 
logic__32: 
reg__523: 
reg__426: 
reg__345: 
logic__671: 
keep__59: 
reg__52: 
logic__757: 
case__163: 
case__174: 
case__56: 
logic__114: 
logic__1023: 
keep__169: 
reg__526: 
blk_mem_gen_v8_3_6_blk_mem_output_block__parameterized0: 
reg__397: 
reg__469: 
keep__151: 
case__106: 
muxpart__9: 
keep__150: 
logic__672: 
reg__461: 
case__167: 
logic__824: 
keep__251: 
reg__103: 
logic__538: 
reg__384: 
logic__462: 
reg__196: 
reg__104: 
logic__913: 
case__5: 
xsdbs_v1_0_2_reg__parameterized44: 
reg__515: 
case__6: 
keep__214: 
case__213: 
logic__786: 
ltlib_v1_0_0_all_typeA_slice: 
reg__248: 
xsdbs_v1_0_2_reg_p2s__parameterized4: 
case__22: 
reg__450: 
case__130: 
reg__122: 
blk_mem_gen_v8_3_6_blk_mem_gen_prim_width__parameterized1: 
blk_mem_gen_v8_4_1_blk_mem_gen_mux: 
reg__211: 
case__51: 
ila_v6_2_7_ila_register: 
reg__148: 
keep__257: 
blk_mem_gen_v8_4_1_blk_mem_gen_prim_width__parameterized5: 
ltlib_v1_0_0_all_typeA__parameterized0: 
xsdbs_v1_0_2_reg__parameterized45: 
reg__118: 
keep__14: 
reg__524: 
logic__214: 
case__55: 
reg__155: 
logic__726: 
reg__508: 
xsdbs_v1_0_2_reg_p2s__parameterized10: 
blk_mem_gen_v8_3_6_blk_mem_gen_prim_wrapper__parameterized4: 
case__104: 
reg__472: 
logic__186: 
reg__347: 
logic__10: 
xsdbs_v1_0_2_reg_p2s__parameterized11: 
case__151: 
datapath__3: 
logic__673: 
reg__157: 
reg__424: 
logic__256: 
logic__402: 
logic__227: 
keep__197: 
reg__68: 
reg__293: 
logic__1026: 
fifo_generator_v13_2_2_rd_status_flags_as: 
logic__811: 
ltlib_v1_0_0_match_nodelay: 
logic__335: 
reg__253: 
datapath__18: 
muxpart__21: 
reg__350: 
keep__134: 
logic__31: 
blk_mem_gen_v8_4_1_blk_mem_output_block: 
reg__249: 
case__96: 
keep__152: 
reg__390: 
keep__234: 
logic__480: 
logic__68: 
keep__78: 
reg__535: 
logic__331: 
logic__940: 
reg__230: 
keep__137: 
keep__239: 
ila_v6_2_7_ila_cap_ctrl_legacy: 
muxpart__19: 
case__18: 
datapath__4: 
keep__33: 
reg__119: 
case__148: 
logic__911: 
logic__858: 
datapath__8: 
reg__226: 
logic__36: 
xsdbs_v1_0_2_reg__parameterized13: 
case__180: 
reg__87: 
fifo_generator_v13_2_2_rd_dc_as: 
keep__274: 
logic__657: 
datapath__27: 
keep__224: 
reg__112: 
reg__519: 
case__169: 
logic__259: 
counter__12: 
keep__110: 
logic__525: 
counter__5: 
reg__44: 
case__114: 
ila_v6_2_7_ila_trace_memory: 
counter__22: 
logic__1008: 
xsdbs_v1_0_2_reg__parameterized70: 
reg__539: 
keep__262: 
blk_mem_gen_v8_4_1_blk_mem_gen_mux__parameterized0: 
reg__370: 
reg__440: 
logic__169: 
reg__197: 
logic__1021: 
fifo_generator_v13_2_2_clk_x_pntrs: 
case__97: 
reg__331: 
reg__228: 
logic__918: 
logic__359: 
case__30: 
reg__115: 
reg__333: 
xsdbs_v1_0_2_reg__parameterized35: 
keep__119: 
logic__990: 
logic__749: 
reg__41: 
blk_mem_gen_v8_4_1_blk_mem_gen_prim_wrapper__parameterized12: 
blk_mem_gen_v8_4_1_bindec: 
reg__204: 
reg__451: 
logic__328: 
reg__67: 
case__188: 
case__86: 
keep__198: 
logic__133: 
reg__545: 
keep__235: 
logic__157: 
reg__176: 
ltlib_v1_0_0_all_typeA__parameterized2: 
xsdbs_v1_0_2_reg__parameterized14: 
keep__24: 
reg__269: 
reg__531: 
reg__287: 
case__61: 
reg__231: 
keep__82: 
case__179: 
keep__171: 
reg__498: 
reg__343: 
reg__62: 
keep__29: 
case__94: 
keep__113: 
reg__491: 
muxpart__39: 
logic__304: 
case__95: 
reg__35: 
keep__189: 
logic__212: 
logic__225: 
reg__395: 
muxpart__24: 
keep__39: 
keep__69: 
keep__105: 
xsdbs_v1_0_2_reg__parameterized64: 
keep__111: 
keep__57: 
reg__50: 
logic__800: 
reg__238: 
case__177: 
fifo_generator_1: 
logic__922: 
reg__298: 
reg__437: 
keep__222: 
reg__25: 
xsdbs_v1_0_2_reg__parameterized52: 
case__137: 
ila_v6_2_7_ila_cap_sample_counter__parameterized0: 
case__124: 
reg__186: 
keep__3: 
reg__208: 
case__189: 
keep__159: 
reg__431: 
keep__243: 
reg__152: 
keep__172: 
keep__228: 
logic__987: 
xsdbs_v1_0_2_reg__parameterized46: 
logic__53: 
logic__888: 
counter__21: 
keep__56: 
case__136: 
reg__411: 
blk_mem_gen_v8_4_1_blk_mem_gen_prim_width__parameterized4: 
logic__479: 
fifo_generator_v13_2_2_reset_blk_ramfifo: 
logic__516: 
keep__259: 
blk_mem_gen_v8_4_1_blk_mem_gen_prim_wrapper__parameterized13: 
reg__329: 
keep__44: 
reg__542: 
reg__486: 
case__93: 
reg__309: 
logic__24: 
keep__63: 
logic__410: 
ltlib_v1_0_0_match__parameterized1: 
keep__101: 
case__109: 
keep__188: 
case__31: 
muxpart__35: 
datapath__7: 
datapath__1: 
keep__165: 
keep__144: 
xsdbs_v1_0_2_reg__parameterized56: 
datapath__25: 
case__15: 
case__74: 
reg__465: 
logic__156: 
case__87: 
muxpart__4: 
reg__266: 
reg__262: 
ila_0: 
reg__514: 
case__89: 
logic__892: 
xsdbs_v1_0_2_reg__parameterized54: 
case__208: 
reg__7: 
datapath__17: 
reg__286: 
xsdbs_v1_0_2_reg_p2s: 
keep__168: 
reg__479: 
ltlib_v1_0_0_allx_typeA: 
reg__143: 
logic__482: 
logic__44: 
xsdbs_v1_0_2_reg__parameterized7: 
logic__857: 
reg__245: 
logic__45: 
case__120: 
keep__116: 
keep__192: 
logic__400: 
keep__252: 
reg__146: 
reg__449: 
keep__174: 
case__34: 
case__126: 
case__206: 
keep__230: 
reg__282: 
ltlib_v1_0_0_cfglut7: 
logic__1014: 
reg__242: 
case__38: 
logic__926: 
datapath__12: 
fifo_generator_v13_2_2_wr_pf_as: 
keep__153: 
reg__369: 
logic__50: 
logic__1: 
keep__154: 
xsdbs_v1_0_2_reg__parameterized58: 
keep__98: 
logic__1011: 
reg__102: 
logic__1032: 
case__80: 
fifo_generator_v13_2_2_synth: 
logic__764: 
case__140: 
reg__93: 
blk_mem_gen_v8_3_6_blk_mem_gen_prim_width__parameterized4: 
reg__499: 
keep__248: 
keep__209: 
xsdbs_v1_0_2_reg__parameterized18: 
blk_mem_gen_v8_4_1_blk_mem_gen_prim_wrapper__parameterized5: 
reg__358: 
logic__56: 
case__8: 
blk_mem_gen_v8_4_1_blk_mem_gen_prim_width__parameterized11: 
keep__91: 
logic__547: 
logic__39: 
case__155: 
reg__458: 
logic__33: 
case__60: 
reg__160: 
case__178: 
muxpart__26: 
reg__443: 
logic__895: 
keep__13: 
reg__45: 
keep__48: 
logic__521: 
keep__242: 
logic__489: 
logic__758: 
reg__321: 
reg__144: 
logic__598: 
reg__353: 
keep__37: 
datapath__37: 
reg__290: 
reg__183: 
xsdbs_v1_0_2_reg__parameterized59: 
case__101: 
reg__492: 
xsdbs_v1_0_2_reg: 
reg__244: 
case__214: 
reg__396: 
logic__273: 
reg__216: 
case__85: 
reg__13: 
ila_v6_2_7_ila_reset_ctrl: 
counter__15: 
logic__519: 
keep__132: 
reg__516: 
reg__177: 
xsdbs_v1_0_2_reg__parameterized57: 
case__79: 
reg__295: 
reg__496: 
fifo_generator_v13_2_2: 
logic__42: 
case__25: 
reg__378: 
counter__7: 
logic__877: 
reg__280: 
reg__164: 
logic__485: 
case__168: 
case__28: 
datapath__20: 
reg__83: 
reg__110: 
keep__173: 
case__49: 
blk_mem_gen_v8_4_1_blk_mem_input_block: 
keep__58: 
logic__471: 
datapath__24: 
reg__389: 
reg__367: 
blk_mem_gen_v8_4_1_blk_mem_gen_prim_width__parameterized6: 
reg__484: 
case__69: 
logic__203: 
logic__994: 
keep__135: 
blk_mem_gen_v8_4_1_blk_mem_gen_prim_wrapper__parameterized8: 
reg__16: 
keep__80: 
keep__148: 
xsdbs_v1_0_2_reg__parameterized12: 
case__36: 
reg__156: 
reg__540: 
reg__235: 
blk_mem_gen_v8_4_1_blk_mem_gen_prim_wrapper__parameterized1: 
case__196: 
case__186: 
logic__570: 
blk_mem_gen_v8_4_1: 
case__190: 
reg__518: 
keep__8: 
logic__429: 
blk_mem_gen_v8_3_6_synth__parameterized0: 
logic__791: 
reg__382: 
reg__432: 
xsdbs_v1_0_2_reg__parameterized24: 
logic__268: 
reg__239: 
keep__142: 
logic__465: 
fifo_generator_v13_2_2_rd_bin_cntr: 
logic__900: 
logic__26: 
reg__257: 
reg__502: 
keep__18: 
reg__425: 
case__200: 
logic__674: 
ltlib_v1_0_0_generic_mux__parameterized0: 
keep__219: 
case__118: 
logic__423: 
keep__60: 
xsdbs_v1_0_2_reg__parameterized8: 
logic__906: 
reg__375: 
keep__46: 
reg__101: 
reg__316: 
reg__219: 
keep__264: 
xsdbs_v1_0_2_reg_stream: 
logic__874: 
reg__537: 
fifo_generator_v13_2_2_wr_logic: 
logic__925: 
reg__489: 
logic__796: 
case__20: 
logic__490: 
keep__36: 
case__100: 
logic__101: 
datapath__29: 
logic__37: 
reg__72: 
keep__157: 
reg__19: 
ltlib_v1_0_0_generic_memrd: 
counter__11: 
reg__138: 
logic__270: 
reg__223: 
muxpart__17: 
keep__127: 
reg__548: 
logic__847: 
reg__61: 
logic__13: 
logic__338: 
logic__115: 
xsdbs_v1_0_2_reg__parameterized60: 
case__210: 
reg__256: 
logic__427: 
reg__324: 
keep__51: 
reg__162: 
case__133: 
xsdbs_v1_0_2_reg__parameterized65: 
reg__279: 
reg__406: 
muxpart__3: 
blk_mem_gen_v8_4_1_blk_mem_gen_prim_width__parameterized9: 
logic__284: 
keep__65: 
reg__381: 
logic__725: 
logic__543: 
blk_mem_gen_v8_4_1_blk_mem_gen_prim_width__parameterized13: 
reg__322: 
reg__215: 
blk_mem_gen_v8_4_1_blk_mem_gen_prim_width__parameterized10: 
xsdbs_v1_0_2_reg__parameterized66: 
keep__128: 
reg__355: 
case__175: 
reg__207: 
logic__183: 
reg__90: 
reg__130: 
xsdbs_v1_0_2_reg__parameterized23: 
reg__276: 
DMA_Write_v1_0: 
reg__444: 
reg__430: 
case__19: 
keep__244: 
muxpart__37: 
reg__161: 
logic__782: 
logic__171: 
keep__207: 
logic__46: 
logic__770: 
reg__326: 
reg__261: 
case__153: 
datapath__21: 
fifo_generator_v13_2_2_wr_bin_cntr: 
logic__991: 
keep__195: 
reg__56: 
logic__845: 
logic__300: 
ila_v6_2_7_ila_trigger__parameterized0: 
reg__31: 
reg__335: 
reg__412: 
reg__224: 
reg__132: 
reg__362: 
xsdbs_v1_0_2_reg__parameterized2: 
case__202: 
keep__47: 
case__144: 
logic__30: 
reg__124: 
reg__371: 
keep__237: 
ltlib_v1_0_0_allx_typeA_nodelay: 
logic__856: 
datapath__6: 
keep__87: 
keep__250: 
case__46: 
datapath__33: 
xsdbs_v1_0_2_reg_ctl: 
keep__163: 
logic__373: 
reg__145: 
ltlib_v1_0_0_allx_typeA__parameterized3: 
keep__23: 
xsdbs_v1_0_2_reg__parameterized31: 
logic__18: 
muxpart__16: 
counter__14: 
reg__292: 
case__47: 
reg__252: 
logic__478: 
logic__859: 
case__78: 
keep__7: 
case__52: 
logic__8: 
case__156: 
reg__2: 
keep__226: 
reg__82: 
logic__405: 
keep__30: 
reg__107: 
reg__212: 
logic__5: 
keep__25: 
xsdbs_v1_0_2_reg__parameterized29: 
reg__376: 
blk_mem_gen_v8_3_6_blk_mem_gen_generic_cstr__parameterized0: 
reg__9: 
reg__74: 
case__107: 
case__157: 
xsdbs_v1_0_2_reg_p2s__parameterized5: 
keep__12: 
reg__234: 
reg__377: 
logic__71: 
muxpart: 
case__39: 
reg__416: 
reg__166: 
logic__35: 
reg__40: 
keep__164: 
logic__254: 
reg__291: 
case__65: 
keep__88: 
reg__137: 
xsdbs_v1_0_2_reg__parameterized69: 
logic__1003: 
logic__420: 
reg__317: 
keep__125: 
datapath__14: 
muxpart__8: 
xsdbs_v1_0_2_xsdbs: 
logic__40: 
logic__49: 
reg__24: 
reg__422: 
reg__372: 
ila_v6_2_7_ila__parameterized0: 
reg__73: 
reg__169: 
logic__341: 
xsdbs_v1_0_2_reg__parameterized47: 
logic__22: 
reg__383: 
case__62: 
muxpart__40: 
ltlib_v1_0_0_match__parameterized4: 
case__45: 
case__185: 
keep__245: 
keep__185: 
logic__73: 
keep__34: 
reg__441: 
keep__103: 
keep__9: 
case__3: 
reg__380: 
case__32: 
logic__896: 
keep__190: 
blk_mem_gen_v8_3_6_blk_mem_gen_prim_wrapper: 
xsdbs_v1_0_2_reg__parameterized55: 
logic__889: 
reg__187: 
reg__272: 
logic__269: 
xsdbs_v1_0_2_reg_p2s__parameterized6: 
logic__730: 
reg__361: 
reg__141: 
case__68: 
case__48: 
reg__199: 
keep__216: 
reg__468: 
logic__818: 
logic__814: 
keep__15: 
logic__567: 
datapath__10: 
keep__11: 
case__64: 
muxpart__33: 
logic__41: 
blk_mem_gen_v8_4_1_blk_mem_gen_prim_width__parameterized2: 
logic__239: 
muxpart__41: 
case__17: 
muxpart__36: 
blk_mem_gen_v8_4_1_blk_mem_gen_prim_width__parameterized7: 
reg__150: 
reg__338: 
reg__105: 
blk_mem_gen_v8_3_6_blk_mem_gen_prim_width__parameterized0: 
logic__245: 
case__176: 
logic__415: 
logic__360: 
muxpart__13: 
logic__912: 
keep__272: 
reg__201: 
xsdbs_v1_0_2_reg__parameterized51: 
reg__255: 
reg__344: 
reg__222: 
blk_mem_gen_v8_4_1_blk_mem_gen_prim_wrapper__parameterized10: 
reg__312: 
xsdbs_v1_0_2_reg_p2s__parameterized8: 
logic__901: 
logic__17: 
logic__189: 
logic__9: 
reg__188: 
reg__341: 
logic__197: 
logic__631: 
ltlib_v1_0_0_allx_typeA__parameterized4: 
reg__374: 
case__88: 
xsdbs_v1_0_2_reg__parameterized10: 
reg__89: 
reg__342: 
reg__63: 
reg__277: 
reg__258: 
case__141: 
keep__27: 
logic__793: 
keep__84: 
reg__209: 
logic__999: 
logic__724: 
datapath__23: 
reg__511: 
datapath__30: 
logic__523: 
logic__100: 
keep__38: 
logic__1020: 
reg__482: 
keep__193: 
reg__300: 
reg__5: 
keep__196: 
reg__91: 
case__103: 
reg__328: 
logic__935: 
logic__217: 
xsdbs_v1_0_2_reg__parameterized0: 
counter__6: 
reg__435: 
logic__629: 
keep__43: 
keep__256: 
reg__485: 
logic__484: 
blk_mem_gen_v8_4_1_blk_mem_gen_prim_wrapper: 
reg__520: 
keep__223: 
reg__311: 
reg__34: 
logic__161: 
keep__202: 
reg__544: 
case__63: 
keep__28: 
case__165: 
keep__204: 
reg__18: 
counter__13: 
logic__767: 
keep__117: 
xsdbs_v1_0_2_reg__parameterized19: 
reg__417: 
reg__117: 
logic__1024: 
reg__348: 
logic__618: 
datapath__26: 
reg__365: 
reg__51: 
case__191: 
keep__225: 
reg__191: 
reg__77: 
case__154: 
xsdbs_v1_0_2_reg__parameterized68: 
case__67: 
case__113: 
xsdbs_v1_0_2_reg_ctl__parameterized0: 
keep__218: 
ila_v6_2_7_ila_trigger: 
logic__86: 
ila_v6_2_7_ila_register__parameterized0: 
reg__142: 
reg__436: 
logic__15: 
reg__294: 
case__116: 
case__198: 
blk_mem_gen_v8_3_6_blk_mem_gen_prim_wrapper__parameterized3: 
logic__583: 
logic__1033: 
keep__53: 
logic__822: 
blk_mem_gen_v8_4_1_blk_mem_gen_prim_width: 
reg__108: 
reg__20: 
logic__476: 
muxpart__38: 
xsdbs_v1_0_2_reg__parameterized4: 
reg__263: 
muxpart__31: 
keep__64: 
logic__899: 
logic__729: 
reg__182: 
reg__71: 
logic__584: 
DMA_WRITE_v1_0_STATUS: 
xsdbs_v1_0_2_reg__parameterized36: 
reg__454: 
case__128: 
blk_mem_gen_v8_4_1_blk_mem_gen_generic_cstr: 
logic__12: 
case__139: 
logic__785: 
keep__233: 
keep__19: 
logic__920: 
reg__184: 
keep__147: 
fifo_generator_v13_2_2_fifo_generator_ramfifo: 
reg__320: 
logic__317: 
reg: 
reg__247: 
counter__17: 
logic__733: 
reg__57: 
keep__99: 
keep__263: 
keep__238: 
ltlib_v1_0_0_match__parameterized3: 
reg__509: 
logic__873: 
reg__78: 
reg__471: 
logic__837: 
logic__481: 
reg__85: 
logic__804: 
reg__538: 
reg__386: 
keep__247: 
keep__186: 
reg__357: 
reg__99: 
ila_v6_2_7_ila_core: 
logic__890: 
logic__835: 
reg__319: 
reg__147: 
reg__210: 
keep__50: 
case__145: 
logic__503: 
keep__93: 
logic__361: 
logic__144: 
case__66: 
logic__789: 
case__23: 
xsdbs_v1_0_2_reg__parameterized5: 
logic__198: 
blk_mem_gen_v8_3_6_synth: 
logic__472: 
keep__16: 
reg__76: 
xsdbs_v1_0_2_reg__parameterized53: 
logic__320: 
logic__907: 
reg__470: 
logic__830: 
blk_mem_gen_v8_4_1_blk_mem_gen_prim_width__parameterized3: 
blk_mem_gen_v8_3_6: 
logic__1034: 
case__1: 
keep__61: 
logic__780: 
logic__869: 
reg__332: 
logic__74: 
xsdbs_v1_0_2_reg__parameterized22: 
ltlib_v1_0_0_cfglut6: 
reg__198: 
reg__463: 
logic__483: 
keep__107: 
logic__129: 
reg__232: 
case__77: 
ltlib_v1_0_0_match: 
reg__58: 
keep__227: 
keep__178: 
keep__203: 
reg__529: 
keep__122: 
logic__170: 
xsdbs_v1_0_2_reg__parameterized61: 
reg__121: 
logic__52: 
reg__401: 
reg__6: 
counter__29: 
logic__175: 
reg__512: 
reg__364: 
keep__211: 
reg__227: 
ltlib_v1_0_0_async_edge_xfer: 
keep__41: 
reg__21: 
case__9: 
logic__862: 
reg__167: 
logic__790: 
case__142: 
logic__147: 
logic__643: 
DMA_WRITE_v1_0_IRQ: 
reg__159: 
keep__267: 
reg__429: 
logic__829: 
logic__497: 
reg__495: 
logic__507: 
xsdbs_v1_0_2_reg_p2s__parameterized2: 
case__171: 
keep__100: 
datapath__22: 
reg__86: 
logic__501: 
reg__525: 
logic__211: 
reg__530: 
logic__646: 
keep__162: 
logic__774: 
datapath__36: 
keep__191: 
reg__236: 
reg__419: 
case__216: 
reg__66: 
reg__434: 
ltlib_v1_0_0_generic_memrd__parameterized0: 
xsdbs_v1_0_2_reg__parameterized6: 
case__121: 
reg__307: 
keep__130: 
counter__31: 
blk_mem_gen_v8_4_1_blk_mem_gen_prim_wrapper__parameterized9: 
reg__254: 
ltlib_v1_0_0_allx_typeA__parameterized2: 
reg__260: 
reg__53: 
logic__1025: 
logic__28: 
logic__852: 
xsdbs_v1_0_2_reg__parameterized21: 
reg__15: 
logic__29: 
logic__867: 
logic__185: 
case__205: 
reg__415: 
logic__512: 
reg__181: 
reg__3: 
counter__20: 
muxpart__45: 
reg__135: 
case__83: 
xsdbs_v1_0_2_reg__parameterized34: 
logic__16: 
keep__22: 
reg__70: 
keep__21: 
xsdbs_v1_0_2_reg_p2s__parameterized3: 
muxpart__15: 
keep__40: 
reg__251: 
case__35: 
logic__630: 
reg__43: 
reg__303: 
reg__127: 
logic__743: 
keep__199: 
reg__351: 
logic__601: 
reg__428: 
keep__221: 
reg__172: 
keep__45: 
reg__391: 
reg__330: 
logic__475: 
keep__206: 
case__138: 
xsdbs_v1_0_2_reg__parameterized9: 
logic__943: 
blk_mem_gen_v8_3_6_blk_mem_input_block__parameterized0: 
ltlib_v1_0_0_all_typeA_slice__parameterized1: 
logic__834: 
keep__66: 
muxpart__2: 
reg__423: 
reg__399: 
datapath__35: 
reg__334: 
keep__124: 
logic__903: 
reg__340: 
reg__42: 
reg__192: 
xpm_cdc_sync_rst: 
keep__133: 
logic__314: 
case__159: 
reg__36: 
xsdbs_v1_0_2_reg__parameterized15: 
reg__476: 
xsdbs_v1_0_2_reg_p2s__parameterized9: 
keep__62: 
blk_mem_gen_v8_3_6_blk_mem_gen_prim_width__parameterized2: 
reg__195: 
logic__564: 
logic__172: 
keep__183: 
reg__180: 
reg__510: 
counter__26: 
logic__119: 
keep__187: 
reg__490: 
blk_mem_gen_v8_4_1_blk_mem_gen_prim_wrapper__parameterized11: 
logic__127: 
logic__55: 
logic__844: 
counter__23: 
counter__3: 
blk_mem_gen_v8_4_1_blk_mem_gen_prim_wrapper__parameterized3: 
keep__273: 
logic__130: 
keep__175: 
reg__464: 
reg__75: 
blk_mem_gen_v8_3_6_blk_mem_input_block: 
reg__10: 
reg__259: 
case__40: 
keep__217: 
reg__218: 
logic__760: 
keep__31: 
logic__546: 
case__149: 
logic__779: 
logic__321: 
keep__85: 
case__91: 
ila_v6_2_7_ila_cap_addrgen__parameterized0: 
reg__315: 
reg__95: 
reg__278: 
case__81: 
datapath__13: 
case__4: 
reg__46: 
ltlib_v1_0_0_all_typeA_slice__parameterized2: 
logic__642: 
reg__305: 
xsdbs_v1_0_2_reg__parameterized28: 
logic__836: 
muxpart__44: 
logic__775: 
reg__60: 
case__41: 
reg__139: 
ila_v6_2_7_ila_trig_match__parameterized0: 
logic__401: 
logic__921: 
muxpart__25: 
keep__146: 
logic__87: 
logic__591: 
keep__114: 
keep__236: 
reg__318: 
keep__269: 
reg__48: 
keep__265: 
reg__488: 
logic__833: 
logic__240: 
case__150: 
case__10: 
keep__139: 
keep__270: 
keep__89: 
reg__55: 
reg__59: 
logic__524: 
reg__11: 
dma_ila: 
reg__175: 
reg__168: 
logic__85: 
ila_v6_2_7_ila_cap_sample_counter: 
blk_mem_gen_v8_4_1_blk_mem_gen_prim_width__parameterized12: 
reg__368: 
reg__387: 
xsdbs_v1_0_2_reg__parameterized37: 
muxpart__28: 
blk_mem_gen_v8_4_1_blk_mem_gen_prim_wrapper__parameterized7: 
logic__819: 
case__125: 
logic__51: 
reg__393: 
logic__116: 
reg__517: 
keep__181: 
case__193: 
logic__488: 
keep__170: 
reg__533: 
reg__205: 
reg__79: 
logic__781: 
case__172: 
case__12: 
reg__151: 
reg__325: 
logic__595: 
case__134: 
counter__18: 
counter__1: 
reg__408: 
reg__109: 
keep__67: 
counter__24: 
logic__143: 
reg__302: 
datapath: 
ila_v6_2_7_ila_cap_window_counter__parameterized0: 
logic__27: 
reg__225: 
reg__69: 
reg__473: 
logic__590: 
keep__94: 
reg__100: 
logic__592: 
reg__284: 
logic: 
xsdbs_v1_0_2_reg__parameterized62: 
reg__194: 
logic__635: 
reg__179: 
logic__158: 
logic__1038: 
muxpart__42: 
logic__428: 
datapath__28: 
keep__260: 
case__82: 
logic__11: 
reg__125: 
logic__141: 
keep__210: 
xsdbs_v1_0_2_reg__parameterized49: 
keep__4: 
logic__880: 
case__59: 
keep__108: 
ltlib_v1_0_0_cfglut5: 
reg__297: 
counter__30: 
reg__116: 
reg__173: 
reg__438: 
keep__81: 
reg__477: 
keep__158: 
reg__270: 
blk_mem_gen_v8_4_1_blk_mem_gen_prim_width__parameterized1: 
case__195: 
